{"context":"HTTP_ACCESS","level":"info","message":"::1 - - [09/Mar/2026:11:45:36 +0000] \"OPTIONS /api/auth/logout HTTP/1.1\" 204 0 \"http://localhost:5173/\" \"Mozilla/5.0 (Windows NT 10.0; Win64; x64) AppleWebKit/537.36 (KHTML, like Gecko) Chrome/145.0.0.0 Safari/537.36\"","timestamp":"2026-03-09 17:15:36"}
{"context":"HTTP_ACCESS","level":"info","message":"::1 - - [09/Mar/2026:11:45:37 +0000] \"POST /api/auth/logout HTTP/1.1\" 200 37 \"http://localhost:5173/\" \"Mozilla/5.0 (Windows NT 10.0; Win64; x64) AppleWebKit/537.36 (KHTML, like Gecko) Chrome/145.0.0.0 Safari/537.36\"","timestamp":"2026-03-09 17:15:37"}
{"context":"HTTP_ACCESS","level":"info","message":"::1 - - [09/Mar/2026:12:23:25 +0000] \"POST /api/auth/register HTTP/1.1\" 201 86 \"-\" \"PostmanRuntime/7.39.1\"","timestamp":"2026-03-09 17:53:25"}
{"action":"verify_email_success","email":"testuser@gmail.com","level":"info","message":"Email successfully verified","timestamp":"2026-03-09 17:55:46","userId":"69aebbbdeff9960cb5098236"}
{"context":"HTTP_ACCESS","level":"info","message":"::1 - - [09/Mar/2026:12:25:46 +0000] \"GET /api/auth/verify-email?token=a5b9d4aedf8a22fd385c7957897b5a9395050ce4f53d84bfac572f8c4247653b HTTP/1.1\" 200 783 \"-\" \"PostmanRuntime/7.39.1\"","timestamp":"2026-03-09 17:55:46"}
{"action":"login_success","email":"testuser@gmail.com","level":"info","message":"Successful standard login","timestamp":"2026-03-09 17:56:54","userId":"69aebbbdeff9960cb5098236"}
{"context":"HTTP_ACCESS","level":"info","message":"::1 - - [09/Mar/2026:12:26:54 +0000] \"POST /api/auth/login HTTP/1.1\" 200 604 \"-\" \"PostmanRuntime/7.39.1\"","timestamp":"2026-03-09 17:56:54"}
{"action":"login_success","email":"testuser@gmail.com","level":"info","message":"Successful standard login","timestamp":"2026-03-09 17:58:24","userId":"69aebbbdeff9960cb5098236"}
{"context":"HTTP_ACCESS","level":"info","message":"::1 - - [09/Mar/2026:12:28:24 +0000] \"POST /api/auth/login HTTP/1.1\" 200 604 \"-\" \"PostmanRuntime/7.39.1\"","timestamp":"2026-03-09 17:58:24"}
{"action":"auth_missing_token","ip":"::1","level":"warn","message":"Access denied. No token provided.","timestamp":"2026-03-09 17:58:42"}
{"context":"HTTP_ACCESS","level":"info","message":"::1 - - [09/Mar/2026:12:28:42 +0000] \"GET /api/auth/me HTTP/1.1\" 401 69 \"-\" \"PostmanRuntime/7.39.1\"","timestamp":"2026-03-09 17:58:42"}
{"action":"auth_missing_token","ip":"::1","level":"warn","message":"Access denied. No token provided.","timestamp":"2026-03-09 18:01:19"}
{"context":"HTTP_ACCESS","level":"info","message":"::1 - - [09/Mar/2026:12:31:19 +0000] \"GET /api/auth/me HTTP/1.1\" 401 69 \"-\" \"PostmanRuntime/7.39.1\"","timestamp":"2026-03-09 18:01:19"}
{"context":"HTTP_ACCESS","level":"info","message":"::1 - - [09/Mar/2026:12:31:54 +0000] \"OPTIONS /api/auth/google HTTP/1.1\" 204 0 \"http://localhost:5173/\" \"Mozilla/5.0 (Windows NT 10.0; Win64; x64) AppleWebKit/537.36 (KHTML, like Gecko) Chrome/145.0.0.0 Safari/537.36\"","timestamp":"2026-03-09 18:01:54"}
{"action":"google_login_success","email":"seeakklmm@gmail.com","level":"info","message":"Successful Google login","timestamp":"2026-03-09 18:01:55","userId":"69ae5e73e7f70972cf6b7c18"}
{"context":"HTTP_ACCESS","level":"info","message":"::1 - - [09/Mar/2026:12:31:55 +0000] \"POST /api/auth/google HTTP/1.1\" 200 804 \"http://localhost:5173/\" \"Mozilla/5.0 (Windows NT 10.0; Win64; x64) AppleWebKit/537.36 (KHTML, like Gecko) Chrome/145.0.0.0 Safari/537.36\"","timestamp":"2026-03-09 18:01:55"}
{"context":"HTTP_ACCESS","level":"info","message":"::1 - - [09/Mar/2026:12:31:58 +0000] \"OPTIONS /api/auth/logout HTTP/1.1\" 204 0 \"http://localhost:5173/\" \"Mozilla/5.0 (Windows NT 10.0; Win64; x64) AppleWebKit/537.36 (KHTML, like Gecko) Chrome/145.0.0.0 Safari/537.36\"","timestamp":"2026-03-09 18:01:58"}
{"context":"HTTP_ACCESS","level":"info","message":"::1 - - [09/Mar/2026:12:31:58 +0000] \"POST /api/auth/logout HTTP/1.1\" 200 37 \"http://localhost:5173/\" \"Mozilla/5.0 (Windows NT 10.0; Win64; x64) AppleWebKit/537.36 (KHTML, like Gecko) Chrome/145.0.0.0 Safari/537.36\"","timestamp":"2026-03-09 18:01:58"}
{"action":"auth_missing_token","ip":"::1","level":"warn","message":"Access denied. No token provided.","timestamp":"2026-03-09 18:09:39"}
{"context":"HTTP_ACCESS","level":"info","message":"::1 - - [09/Mar/2026:12:39:39 +0000] \"GET /api/auth/me HTTP/1.1\" 401 69 \"-\" \"PostmanRuntime/7.39.1\"","timestamp":"2026-03-09 18:09:39"}
{"action":"auth_missing_token","ip":"::1","level":"warn","message":"Access denied. No token provided.","timestamp":"2026-03-09 18:11:59"}
{"context":"HTTP_ACCESS","level":"info","message":"::1 - - [09/Mar/2026:12:41:59 +0000] \"GET /api/auth/me HTTP/1.1\" 401 69 \"-\" \"PostmanRuntime/7.39.1\"","timestamp":"2026-03-09 18:11:59"}
{"action":"auth_missing_token","ip":"::1","level":"warn","message":"Access denied. No token provided.","timestamp":"2026-03-09 18:12:07"}
{"context":"HTTP_ACCESS","level":"info","message":"::1 - - [09/Mar/2026:12:42:07 +0000] \"GET /api/auth/me HTTP/1.1\" 401 69 \"-\" \"PostmanRuntime/7.39.1\"","timestamp":"2026-03-09 18:12:07"}
{"action":"auth_missing_token","ip":"::1","level":"warn","message":"Access denied. No token provided.","timestamp":"2026-03-09 18:12:08"}
{"context":"HTTP_ACCESS","level":"info","message":"::1 - - [09/Mar/2026:12:42:08 +0000] \"GET /api/auth/me HTTP/1.1\" 401 69 \"-\" \"PostmanRuntime/7.39.1\"","timestamp":"2026-03-09 18:12:08"}
{"action":"auth_missing_token","ip":"::1","level":"warn","message":"Access denied. No token provided.","timestamp":"2026-03-09 18:12:08"}
{"context":"HTTP_ACCESS","level":"info","message":"::1 - - [09/Mar/2026:12:42:08 +0000] \"GET /api/auth/me HTTP/1.1\" 401 69 \"-\" \"PostmanRuntime/7.39.1\"","timestamp":"2026-03-09 18:12:08"}
{"action":"auth_missing_token","ip":"::1","level":"warn","message":"Access denied. No token provided.","timestamp":"2026-03-09 18:12:09"}
{"context":"HTTP_ACCESS","level":"info","message":"::1 - - [09/Mar/2026:12:42:09 +0000] \"GET /api/auth/me HTTP/1.1\" 401 69 \"-\" \"PostmanRuntime/7.39.1\"","timestamp":"2026-03-09 18:12:09"}
{"action":"auth_missing_token","ip":"::1","level":"warn","message":"Access denied. No token provided.","timestamp":"2026-03-09 18:12:09"}
{"context":"HTTP_ACCESS","level":"info","message":"::1 - - [09/Mar/2026:12:42:09 +0000] \"GET /api/auth/me HTTP/1.1\" 401 69 \"-\" \"PostmanRuntime/7.39.1\"","timestamp":"2026-03-09 18:12:09"}
{"action":"login_success","email":"testuser@gmail.com","level":"info","message":"Successful standard login","timestamp":"2026-03-09 18:12:52","userId":"69aebbbdeff9960cb5098236"}
{"context":"HTTP_ACCESS","level":"info","message":"::1 - - [09/Mar/2026:12:42:52 +0000] \"POST /api/auth/login HTTP/1.1\" 200 604 \"-\" \"PostmanRuntime/7.39.1\"","timestamp":"2026-03-09 18:12:52"}
{"action":"auth_missing_token","ip":"::1","level":"warn","message":"Access denied. No token provided.","timestamp":"2026-03-09 18:13:06"}
{"context":"HTTP_ACCESS","level":"info","message":"::1 - - [09/Mar/2026:12:43:06 +0000] \"GET /api/auth/me HTTP/1.1\" 401 69 \"-\" \"PostmanRuntime/7.39.1\"","timestamp":"2026-03-09 18:13:06"}
{"action":"auth_failed","error":"jwt malformed","level":"error","message":"Authentication Error","timestamp":"2026-03-09 18:14:31"}
{"context":"HTTP_ACCESS","level":"info","message":"::1 - - [09/Mar/2026:12:44:31 +0000] \"GET /api/auth/me HTTP/1.1\" 401 54 \"-\" \"Mozilla/5.0 (Windows NT; Windows NT 10.0; en-IN) WindowsPowerShell/5.1.26100.7920\"","timestamp":"2026-03-09 18:14:31"}
{"action":"auth_missing_token","ip":"::1","level":"warn","message":"Access denied. No token provided / Token was empty space.","timestamp":"2026-03-09 18:16:24"}
{"context":"HTTP_ACCESS","level":"info","message":"::1 - - [09/Mar/2026:12:46:24 +0000] \"GET /api/auth/me HTTP/1.1\" 401 69 \"-\" \"PostmanRuntime/7.39.1\"","timestamp":"2026-03-09 18:16:24"}
{"action":"auth_missing_token","ip":"::1","level":"warn","message":"Access denied. No token provided / Token was empty space.","timestamp":"2026-03-09 18:16:29"}
{"context":"HTTP_ACCESS","level":"info","message":"::1 - - [09/Mar/2026:12:46:29 +0000] \"GET /api/auth/me HTTP/1.1\" 401 69 \"-\" \"PostmanRuntime/7.39.1\"","timestamp":"2026-03-09 18:16:29"}
{"action":"login_success","email":"testuser@gmail.com","level":"info","message":"Successful standard login","timestamp":"2026-03-09 18:16:45","userId":"69aebbbdeff9960cb5098236"}
{"context":"HTTP_ACCESS","level":"info","message":"::1 - - [09/Mar/2026:12:46:45 +0000] \"POST /api/auth/login HTTP/1.1\" 200 604 \"-\" \"PostmanRuntime/7.39.1\"","timestamp":"2026-03-09 18:16:45"}
{"action":"auth_missing_token","ip":"::1","level":"warn","message":"Access denied. No token provided / Token was empty space.","timestamp":"2026-03-09 18:17:00"}
{"context":"HTTP_ACCESS","level":"info","message":"::1 - - [09/Mar/2026:12:47:00 +0000] \"GET /api/auth/me HTTP/1.1\" 401 69 \"-\" \"PostmanRuntime/7.39.1\"","timestamp":"2026-03-09 18:17:00"}
{"authString":"Bearer MyFakeTokenForTesting","level":"info","message":"POSTMAN DEBUG -> RAW HEADER:","timestamp":"2026-03-09 18:19:25"}
{"action":"auth_failed","error":"jwt malformed","level":"error","message":"Authentication Error","timestamp":"2026-03-09 18:19:25"}
{"context":"HTTP_ACCESS","level":"info","message":"::1 - - [09/Mar/2026:12:49:25 +0000] \"GET /api/auth/me HTTP/1.1\" 401 54 \"-\" \"Mozilla/5.0 (Windows NT; Windows NT 10.0; en-IN) WindowsPowerShell/5.1.26100.7920\"","timestamp":"2026-03-09 18:19:25"}
{"level":"info","message":"POSTMAN DEBUG -> RAW HEADER:","timestamp":"2026-03-09 18:20:45"}
{"action":"auth_missing_token","ip":"::1","level":"warn","message":"Access denied. No token provided / Token was empty space.","timestamp":"2026-03-09 18:20:45"}
{"context":"HTTP_ACCESS","level":"info","message":"::1 - - [09/Mar/2026:12:50:45 +0000] \"GET /api/auth/me HTTP/1.1\" 401 69 \"-\" \"PostmanRuntime/7.39.1\"","timestamp":"2026-03-09 18:20:45"}
{"level":"info","message":"POSTMAN DEBUG -> RAW HEADER:","timestamp":"2026-03-09 18:22:32"}
{"action":"auth_missing_token","ip":"::1","level":"warn","message":"Access denied. No token provided / Token was empty space.","timestamp":"2026-03-09 18:22:32"}
{"context":"HTTP_ACCESS","level":"info","message":"::1 - - [09/Mar/2026:12:52:32 +0000] \"GET /api/auth/me HTTP/1.1\" 401 268 \"-\" \"PostmanRuntime/7.39.1\"","timestamp":"2026-03-09 18:22:32"}
{"ip":"::1","level":"error","message":"Not Found - /api/auth/login","method":"GET","path":"/api/auth/login","stack":"Error: Not Found - /api/auth/login\n    at exports.notFound (C:\\Users\\harsh\\OneDrive\\Desktop\\Seeakk\\backend\\src\\middlewares\\errorMiddleware.js:8:19)\n    at Layer.handleRequest (C:\\Users\\harsh\\OneDrive\\Desktop\\Seeakk\\backend\\node_modules\\router\\lib\\layer.js:152:17)\n    at trimPrefix (C:\\Users\\harsh\\OneDrive\\Desktop\\Seeakk\\backend\\node_modules\\router\\index.js:342:13)\n    at C:\\Users\\harsh\\OneDrive\\Desktop\\Seeakk\\backend\\node_modules\\router\\index.js:297:9\n    at processParams (C:\\Users\\harsh\\OneDrive\\Desktop\\Seeakk\\backend\\node_modules\\router\\index.js:582:12)\n    at next (C:\\Users\\harsh\\OneDrive\\Desktop\\Seeakk\\backend\\node_modules\\router\\index.js:291:5)\n    at C:\\Users\\harsh\\OneDrive\\Desktop\\Seeakk\\backend\\node_modules\\router\\index.js:688:15\n    at next (C:\\Users\\harsh\\OneDrive\\Desktop\\Seeakk\\backend\\node_modules\\router\\index.js:276:14)\n    at Function.handle (C:\\Users\\harsh\\OneDrive\\Desktop\\Seeakk\\backend\\node_modules\\router\\index.js:186:3)\n    at router (C:\\Users\\harsh\\OneDrive\\Desktop\\Seeakk\\backend\\node_modules\\router\\index.js:60:12)","timestamp":"2026-03-09 18:23:36"}
{"context":"HTTP_ACCESS","level":"info","message":"::1 - - [09/Mar/2026:12:53:36 +0000] \"GET /api/auth/login HTTP/1.1\" 404 1202 \"-\" \"PostmanRuntime/7.39.1\"","timestamp":"2026-03-09 18:23:36"}
{"action":"login_success","email":"testuser@gmail.com","level":"info","message":"Successful standard login","timestamp":"2026-03-09 18:23:45","userId":"69aebbbdeff9960cb5098236"}
{"context":"HTTP_ACCESS","level":"info","message":"::1 - - [09/Mar/2026:12:53:45 +0000] \"POST /api/auth/login HTTP/1.1\" 200 604 \"-\" \"PostmanRuntime/7.39.1\"","timestamp":"2026-03-09 18:23:45"}
{"authString":"Bearer eyJhbGciOiJIUzI1NiIsInR5cCI6IkpXVCJ9.eyJ1c2VySWQiOiI2OWFlYmJiZGVmZjk5NjBjYjUwOTgyMzYiLCJpYXQiOjE3NzMwNjA4MjUsImV4cCI6MTc3MzA2MTcyNX0.tndop4MuWcXccVYcpDDKyckJ_vq7LkCrfoH8bIuSDiM","level":"info","message":"POSTMAN DEBUG -> RAW HEADER:","timestamp":"2026-03-09 18:24:58"}
{"context":"HTTP_ACCESS","level":"info","message":"::1 - - [09/Mar/2026:12:54:58 +0000] \"GET /api/auth/me HTTP/1.1\" 200 126 \"-\" \"PostmanRuntime/7.39.1\"","timestamp":"2026-03-09 18:24:58"}
{"context":"HTTP_ACCESS","level":"info","message":"::1 - - [09/Mar/2026:12:57:14 +0000] \"POST /api/auth/refresh HTTP/1.1\" 200 604 \"-\" \"PostmanRuntime/7.39.1\"","timestamp":"2026-03-09 18:27:14"}
